
> frontend@0.0.0 build
> vite build

[36mvite v7.3.0 [32mbuilding client environment for production...[36m[39m
transforming...
[32mΓ£ô[39m 5 modules transformed.
node.exe : [31mΓ£ù[39m Build failed in 6.11s
At line:1 char:1
+ & "C:\Program Files\nodejs/node.exe" "C:\Program Files\nodejs/node_mo ...
+ ~~~~~~~~~~~~~~~~~~~~~~~~~~~~~~~~~~~~~~~~~~~~~~~~~~~~~~~~~~~~~~~~~~~~~
    + CategoryInfo          : NotSpecified: ([31mΓ£ù[39m Build failed in 6.11s:String) [], RemoteException
    + FullyQualifiedErrorId : NativeCommandError
 
[31merror during build:
[31m[vite:css] Failed to load PostCSS config (searchPath: C:/Users/asus/neet-rank-predictor/frontend): [Error] 
Loading PostCSS Plugin failed: Cannot find module 'tailwindcss'
Require stack:
- C:\Users\asus\neet-rank-predictor\frontend\postcss.config.js

(@C:\Users\asus\neet-rank-predictor\frontend\postcss.config.js)
Error: Loading PostCSS Plugin failed: Cannot find module 'tailwindcss'
Require stack:
- C:\Users\asus\neet-rank-predictor\frontend\postcss.config.js

(@C:\Users\asus\neet-rank-predictor\frontend\postcss.config.js)
    at load (file:///C:/Users/asus/neet-rank-predictor/frontend/node_modules/vite/dist/node/chunks/config.js:7660:10)
    at async Promise.all (index 0)
    at async plugins 
(file:///C:/Users/asus/neet-rank-predictor/frontend/node_modules/vite/dist/node/chunks/config.js:7682:11)
    at async processResult 
(file:///C:/Users/asus/neet-rank-predictor/frontend/node_modules/vite/dist/node/chunks/config.js:7721:13)[31m
file: [36mC:/Users/asus/neet-rank-predictor/frontend/src/index.css[31m
[39m
